[[1;34mINFO[m] Scanning for projects...
[[1;34mINFO[m] Inspecting build with total of 1 modules
[[1;34mINFO[m] Installing Central Publishing features
[[1;34mINFO[m] ------------------------------------------------------------------------
[[1;34mINFO[m] Detecting the operating system and CPU architecture
[[1;34mINFO[m] ------------------------------------------------------------------------
[[1;34mINFO[m] os.detected.name: linux
[[1;34mINFO[m] os.detected.arch: x86_64
[[1;34mINFO[m] os.detected.bitness: 64
[[1;34mINFO[m] os.detected.version: 6.8
[[1;34mINFO[m] os.detected.version.major: 6
[[1;34mINFO[m] os.detected.version.minor: 8
[[1;34mINFO[m] os.detected.release: ubuntu
[[1;34mINFO[m] os.detected.release.version: 24.04
[[1;34mINFO[m] os.detected.release.like.ubuntu: true
[[1;34mINFO[m] os.detected.release.like.debian: true
[[1;34mINFO[m] os.detected.classifier: linux-x86_64
[[1;34mINFO[m] 
[[1;34mINFO[m] [1m----------------------< [0;36mio.lettuce:lettuce-core[0;1m >-----------------------[m
[[1;34mINFO[m] [1mBuilding Lettuce 7.6.0-SNAPSHOT[m
[[1;34mINFO[m] [1m--------------------------------[ jar ]---------------------------------[m
[[1;34mINFO[m] 
[[1;34mINFO[m] [1m--- [0;32mformatter-maven-plugin:2.16.0:validate[m [1m(default)[m @ [36mlettuce-core[0;1m ---[m
[[1;34mINFO[m] Using 'UTF-8' encoding to format source files.
[[1;34mINFO[m] Number of files to be formatted: 1529
[[1;34mINFO[m] Successfully formatted:          0 file(s)
[[1;34mINFO[m] Fail to format:                  0 file(s)
[[1;34mINFO[m] Skipped:                         1529 file(s)
[[1;34mINFO[m] Read only skipped:               0 file(s)
[[1;34mINFO[m] Approximate time taken:          0s
[[1;34mINFO[m] 
[[1;34mINFO[m] [1m--- [0;32mgit-commit-id-plugin:4.9.10:revision[m [1m(get-the-git-infos)[m @ [36mlettuce-core[0;1m ---[m
[[1;34mINFO[m] 
[[1;34mINFO[m] [1m--- [0;32mjacoco-maven-plugin:0.8.12:prepare-agent[m [1m(prepare-agent)[m @ [36mlettuce-core[0;1m ---[m
[[1;34mINFO[m] argLine set to -javaagent:/home/atakavci/.m2/repository/org/jacoco/org.jacoco.agent/0.8.12/org.jacoco.agent-0.8.12-runtime.jar=destfile=/home/atakavci/workspace/handson/reactivePOC/lettuce/target/jacoco.exec,excludes=**/Jfr*
[[1;34mINFO[m] 
[[1;34mINFO[m] [1m--- [0;32mmaven-resources-plugin:2.6:resources[m [1m(default-resources)[m @ [36mlettuce-core[0;1m ---[m
[[1;34mINFO[m] Using 'UTF-8' encoding to copy filtered resources.
[[1;34mINFO[m] Copying 7 resources
[[1;34mINFO[m] 
[[1;34mINFO[m] [1m--- [0;32mflatten-maven-plugin:1.6.0:flatten[m [1m(flatten)[m @ [36mlettuce-core[0;1m ---[m
[[1;34mINFO[m] Generating flattened POM of project io.lettuce:lettuce-core:jar:7.6.0-SNAPSHOT...
[[1;34mINFO[m] 
[[1;34mINFO[m] [1m--- [0;32mkotlin-maven-plugin:2.0.0:compile[m [1m(compile)[m @ [36mlettuce-core[0;1m ---[m
[[1;33mWARNING[m] Using experimental Kotlin incremental compilation
[[1;34mINFO[m] Compiled 0 Kotlin files using incremental compiler
[[1;34mINFO[m] 
[[1;34mINFO[m] [1m--- [0;32mmaven-compiler-plugin:3.13.0:compile[m [1m(java-compile)[m @ [36mlettuce-core[0;1m ---[m
[[1;34mINFO[m] Nothing to compile - all classes are up to date.
[[1;34mINFO[m] 
[[1;34mINFO[m] [1m--- [0;32mmaven-resources-plugin:2.6:testResources[m [1m(default-testResources)[m @ [36mlettuce-core[0;1m ---[m
[[1;34mINFO[m] Using 'UTF-8' encoding to copy filtered resources.
[[1;34mINFO[m] Copying 46 resources
[[1;34mINFO[m] 
[[1;34mINFO[m] [1m--- [0;32mkotlin-maven-plugin:2.0.0:test-compile[m [1m(test-compile)[m @ [36mlettuce-core[0;1m ---[m
[[1;33mWARNING[m] Using experimental Kotlin incremental compilation
[[1;34mINFO[m] Kotlin compile iteration: 
[[1;34mINFO[m] Exit code: OK
[[1;33mWARNING[m] Argument -Xopt-in is deprecated. Please use -opt-in instead
[[1;33mWARNING[m] Language version 1.4 is deprecated and its support will be removed in a future version of Kotlin
[[1;34mINFO[m] Compiled 0 Kotlin files using incremental compiler
[[1;34mINFO[m] 
[[1;34mINFO[m] [1m--- [0;32mmaven-compiler-plugin:3.13.0:testCompile[m [1m(java-test-compile)[m @ [36mlettuce-core[0;1m ---[m
[[1;34mINFO[m] Recompiling the module because of [1mchanged source code[m.
[[1;34mINFO[m] Compiling 527 source files with javac [debug target 1.8] to target/test-classes
[[1;33mWARNING[m] bootstrap class path not set in conjunction with -source 8
[[1;33mWARNING[m] /home/atakavci/workspace/handson/reactivePOC/lettuce/src/test/java/io/lettuce/core/commands/HLLCommandIntegrationTests.java:[56,30] non-varargs call of varargs method with inexact argument type for last parameter;
  cast to java.lang.String for a varargs call
  cast to java.lang.String[] for a non-varargs call and to suppress this warning
[[1;34mINFO[m] /home/atakavci/workspace/handson/reactivePOC/lettuce/src/test/java/io/lettuce/test/server/MockTcpServer.java: Some input files use or override a deprecated API.
[[1;34mINFO[m] /home/atakavci/workspace/handson/reactivePOC/lettuce/src/test/java/io/lettuce/test/server/MockTcpServer.java: Recompile with -Xlint:deprecation for details.
[[1;34mINFO[m] /home/atakavci/workspace/handson/reactivePOC/lettuce/src/test/java/io/lettuce/core/TestSupport.java: Some input files use unchecked or unsafe operations.
[[1;34mINFO[m] /home/atakavci/workspace/handson/reactivePOC/lettuce/src/test/java/io/lettuce/core/TestSupport.java: Recompile with -Xlint:unchecked for details.
[[1;34mINFO[m] 
[[1;34mINFO[m] [1m--- [0;32mmaven-surefire-plugin:3.4.0:test[m [1m(default-test)[m @ [36mlettuce-core[0;1m ---[m
[[1;34mINFO[m] Using configured provider org.apache.maven.surefire.testng.TestNGProvider
[[1;34mINFO[m] Using configured provider org.apache.maven.surefire.junitplatform.JUnitPlatformProvider
[[1;34mINFO[m] 
[[1;34mINFO[m] -------------------------------------------------------
[[1;34mINFO[m]  T E S T S
[[1;34mINFO[m] -------------------------------------------------------
[[1;34mINFO[m] Running [1mTestSuite[m
[[1;31mERROR[m] [1;31mTests [0;1mrun: [0;1m159[m, [1;31mFailures: [0;1;31m1[m, Errors: 0, [1;33mSkipped: [0;1;33m67[m, Time elapsed: 72.00 s[1;31m <<< FAILURE![m -- in [1mTestSuite[m
[[1;31mERROR[m] io.lettuce.core.slimstreams.SimpleProcessorVerification.stochastic_spec103_mustSignalOnMethodsSequentially -- Time elapsed: 0.009 s <<< FAILURE!
java.lang.AssertionError: Illegal concurrent access detected (entering critical section)! Thread[pool-5-thread-15,5,main] emited onNext(0) signal, before null finished its onSubscribe() signal.
	at org.testng.Assert.fail(Assert.java:110)
	at org.reactivestreams.tck.TestEnvironment.flop(TestEnvironment.java:222)
	at org.reactivestreams.tck.PublisherVerification$5$1$1$ConcurrentAccessBarrier.enterSignal(PublisherVerification.java:277)
	at org.reactivestreams.tck.PublisherVerification$5$1$1.onNext(PublisherVerification.java:310)
	at io.lettuce.core.slimstreams.SimpleProcessor$SubscriberState.drain(SimpleProcessor.java:317)
	at io.lettuce.core.slimstreams.SimpleProcessor.onNext(SimpleProcessor.java:114)
	at io.lettuce.core.slimstreams.SimplePublisher$SubscriberState.drain(SimplePublisher.java:221)
	at io.lettuce.core.slimstreams.SimplePublisher.emit(SimplePublisher.java:96)
	at io.lettuce.core.slimstreams.SimpleProcessorVerification.lambda$createHelperPublisher$0(SimpleProcessorVerification.java:76)
	at java.base/java.util.concurrent.ThreadPoolExecutor.runWorker(ThreadPoolExecutor.java:1128)
	at java.base/java.util.concurrent.ThreadPoolExecutor$Worker.run(ThreadPoolExecutor.java:628)
	at java.base/java.lang.Thread.run(Thread.java:829)

[[1;34mINFO[m] 
[[1;34mINFO[m] Results:
[[1;34mINFO[m] 
[[1;31mERROR[m] [1;31mFailures: [m
[[1;31mERROR[m] [1;31m  SimpleProcessorVerification.lambda$createHelperPublisher$0:76 Illegal concurrent access detected (entering critical section)! Thread[pool-5-thread-15,5,main] emited onNext(0) signal, before null finished its onSubscribe() signal.[m
[[1;34mINFO[m] 
[[1;31mERROR[m] [1;31mTests run: 159, Failures: 1, Errors: 0, Skipped: 67[m
[[1;34mINFO[m] 
[[1;34mINFO[m] 
[[1;34mINFO[m] -------------------------------------------------------
[[1;34mINFO[m]  T E S T S
[[1;34mINFO[m] -------------------------------------------------------
[[1;34mINFO[m] 
[[1;34mINFO[m] Results:
[[1;34mINFO[m] 
[[1;34mINFO[m] Tests run: 0, Failures: 0, Errors: 0, Skipped: 0
[[1;34mINFO[m] 
[[1;34mINFO[m] [1m------------------------------------------------------------------------[m
[[1;34mINFO[m] [1;31mBUILD FAILURE[m
[[1;34mINFO[m] [1m------------------------------------------------------------------------[m
[[1;34mINFO[m] Total time:  02:00 min
[[1;34mINFO[m] Finished at: 2026-03-04T15:02:56+03:00
[[1;34mINFO[m] [1m------------------------------------------------------------------------[m
[[1;31mERROR[m] Failed to execute goal [32morg.apache.maven.plugins:maven-surefire-plugin:3.4.0:test[m [1m(default-test)[m on project [36mlettuce-core[m: [1;31mThere are test failures.[m
[[1;31mERROR[m] [1;31m[m
[[1;31mERROR[m] [1;31mPlease refer to /home/atakavci/workspace/handson/reactivePOC/lettuce/target/surefire-reports for the individual test results.[m
[[1;31mERROR[m] [1;31mPlease refer to dump files (if any exist) [date].dump, [date]-jvmRun[N].dump and [date].dumpstream.[m
[[1;31mERROR[m] -> [1m[Help 1][m
[[1;31mERROR[m] 
[[1;31mERROR[m] To see the full stack trace of the errors, re-run Maven with the [1m-e[m switch.
[[1;31mERROR[m] Re-run Maven using the [1m-X[m switch to enable full debug logging.
[[1;31mERROR[m] 
[[1;31mERROR[m] For more information about the errors and possible solutions, please read the following articles:
[[1;31mERROR[m] [1m[Help 1][m http://cwiki.apache.org/confluence/display/MAVEN/MojoFailureException
